Starting Stitch Generation for PDF Scanner...
Creating project...
Project ID: 2256788051838612451
Generating Screen 1/5: 01_Library...
  Success! Screen ID: a8d7dbe7320440b0a084784524561e7d
  Fetching HTML...
  Saved to 01_Library.json
Generating Screen 2/5: 02_CameraViewfinder...
  Success! Screen ID: 3cf60b34407f415a9366185a9688b9e7
  Fetching HTML...
  Saved to 02_CameraViewfinder.json
Generating Screen 3/5: 03_EditCrop...
  Success! Screen ID: d8e3153a38af4752872c7ef4b748498b
  Fetching HTML...
  Saved to 03_EditCrop.json
Generating Screen 4/5: 04_DocumentDetail...
  Success! Screen ID: c2ed0cbba85f48869e4ed806f83ca447
  Fetching HTML...
  Saved to 04_DocumentDetail.json
Generating Screen 5/5: 05_Settings...
  Success! Screen ID: 48f0eb92786741feac9bc4c247143e8b
  Fetching HTML...
  Saved to 05_Settings.json
All generation tasks completed!
